==========================================================================================
Floating-point attack for values of epsilon other than the released 1/4 (output-STEP ON, valid-ciphertext oracle)
necessary branch condition: a representable trigger with 1 < STEP_eps(t) <= 2 and MASK_eps(t) = 0
(sufficient for reliable detection only when STEP_eps(t) is bounded away from 1)
==========================================================================================

[1] epsilon spectrum: trigger, STEP(trigger), full-key recovery over 20 random keys/format
  epsilon = 1/5
    bfloat16 : trigger=65                   STEP=1.6641  20/20
    float16  : trigger=513                  STEP=1.6660  20/20
    float32  : trigger=4.1943e+06           STEP=1.6667  20/20
    float64  : trigger=2.2518e+15           STEP=1.6667  20/20
  epsilon = 1/4 (released)
    bfloat16 : trigger=65                   STEP=2.0000  20/20
    float16  : trigger=513                  STEP=2.0000  20/20
    float32  : trigger=4.1943e+06           STEP=2.0000  20/20
    float64  : trigger=2.2518e+15           STEP=2.0000  20/20
  epsilon = 1/3 (GHRS paper)
    bfloat16 : trigger=33                   STEP=1.5078  20/20
    float16  : trigger=257                  STEP=1.4990  20/20
    float32  : trigger=2.09715e+06          STEP=1.5000  20/20
    float64  : trigger=1.1259e+15           STEP=1.5000  20/20
  epsilon = 2/5
    bfloat16 : trigger=9                    STEP=1.2578  18/20
    float16  : trigger=65                   STEP=1.2490  17/20
    float32  : trigger=524289               STEP=1.2500  14/20
    float64  : trigger=2.81475e+14          STEP=1.2500  15/20

[2] Thorough sweep at the headline structure: 100 random keys/format on each of
    NeuralAESBase and TTablesNeuralAES (= 100 x 4 formats x 2 models = 800 recoveries
    per epsilon), including the released epsilon=1/4.
  epsilon = 1/4
    bfloat16  (trigger=65, STEP=2.0000):  Base 100/100  TTables 100/100
    float16   (trigger=513, STEP=2.0000):  Base 100/100  TTables 100/100
    float32   (trigger=4194305, STEP=2.0000):  Base 100/100  TTables 100/100
    float64   (trigger=2251799813685249, STEP=2.0000):  Base 100/100  TTables 100/100
    epsilon=1/4 total: 800/800
  epsilon = 1/3
    bfloat16  (trigger=33, STEP=1.5078):  Base 100/100  TTables 100/100
    float16   (trigger=257, STEP=1.4990):  Base 100/100  TTables 100/100
    float32   (trigger=2097153, STEP=1.5000):  Base 100/100  TTables 100/100
    float64   (trigger=1125899906842625, STEP=1.5000):  Base 100/100  TTables 100/100
    epsilon=1/3 total: 800/800
  epsilon = 1/5
    bfloat16  (trigger=65, STEP=1.6641):  Base 100/100  TTables 100/100
    float16   (trigger=513, STEP=1.6660):  Base 100/100  TTables 100/100
    float32   (trigger=4194305, STEP=1.6667):  Base 100/100  TTables 100/100
    float64   (trigger=2251799813685249, STEP=1.6667):  Base 100/100  TTables 100/100
    epsilon=1/5 total: 800/800
  epsilon = 2/5
    bfloat16  (trigger=9, STEP=1.2578):  Base  92/100  TTables  83/100
    float16   (trigger=65, STEP=1.2490):  Base  80/100  TTables  80/100
    float32   (trigger=524289, STEP=1.2500):  Base  72/100  TTables  82/100
    float64   (trigger=281474976710657, STEP=1.2500):  Base  82/100  TTables  85/100
    epsilon=2/5 total: 656/800
==========================================================================================
 RESULT epsilon=1/4: 800/800  (complete)
 RESULT epsilon=1/3: 800/800  (complete)
 RESULT epsilon=1/5: 800/800  (complete)
 RESULT epsilon=2/5: 656/800  (incomplete; STEP not far enough above 1)
==========================================================================================
